{
  "version": "1.5.0",
  "plugins_used": [
    {
      "name": "ArtifactoryDetector"
    },
    {
      "name": "AWSKeyDetector"
    },
    {
      "name": "AzureStorageKeyDetector"
    },
    {
      "name": "Base64HighEntropyString",
      "limit": 4.5
    },
    {
      "name": "BasicAuthDetector"
    },
    {
      "name": "CloudantDetector"
    },
    {
      "name": "DiscordBotTokenDetector"
    },
    {
      "name": "GitHubTokenDetector"
    },
    {
      "name": "GitLabTokenDetector"
    },
    {
      "name": "HexHighEntropyString",
      "limit": 3.0
    },
    {
      "name": "IbmCloudIamDetector"
    },
    {
      "name": "IbmCosHmacDetector"
    },
    {
      "name": "IPPublicDetector"
    },
    {
      "name": "JwtTokenDetector"
    },
    {
      "name": "KeywordDetector",
      "keyword_exclude": ""
    },
    {
      "name": "MailchimpDetector"
    },
    {
      "name": "NpmDetector"
    },
    {
      "name": "OpenAIDetector"
    },
    {
      "name": "PrivateKeyDetector"
    },
    {
      "name": "PypiTokenDetector"
    },
    {
      "name": "SendGridDetector"
    },
    {
      "name": "SlackDetector"
    },
    {
      "name": "SoftlayerDetector"
    },
    {
      "name": "SquareOAuthDetector"
    },
    {
      "name": "StripeDetector"
    },
    {
      "name": "TelegramBotTokenDetector"
    },
    {
      "name": "TwilioKeyDetector"
    }
  ],
  "filters_used": [
    {
      "path": "detect_secrets.filters.allowlist.is_line_allowlisted"
    },
    {
      "path": "detect_secrets.filters.common.is_baseline_file",
      "filename": ".secrets.baseline"
    },
    {
      "path": "detect_secrets.filters.common.is_ignored_due_to_verification_policies",
      "min_level": 2
    },
    {
      "path": "detect_secrets.filters.heuristic.is_indirect_reference"
    },
    {
      "path": "detect_secrets.filters.heuristic.is_likely_id_string"
    },
    {
      "path": "detect_secrets.filters.heuristic.is_lock_file"
    },
    {
      "path": "detect_secrets.filters.heuristic.is_not_alphanumeric_string"
    },
    {
      "path": "detect_secrets.filters.heuristic.is_potential_uuid"
    },
    {
      "path": "detect_secrets.filters.heuristic.is_prefixed_with_dollar_sign"
    },
    {
      "path": "detect_secrets.filters.heuristic.is_sequential_string"
    },
    {
      "path": "detect_secrets.filters.heuristic.is_swagger_file"
    },
    {
      "path": "detect_secrets.filters.heuristic.is_templated_secret"
    }
  ],
  "results": {
    "cmd/env/set.go": [
      {
        "type": "Secret Keyword",
        "filename": "cmd/env/set.go",
        "hashed_secret": "ec417f567082612f8fd6afafe1abcab831fca840",
        "is_verified": false,
        "line_number": 24,
        "is_secret": false
      }
    ],
    "cmd/oauth/helpers.go": [
      {
        "type": "Secret Keyword",
        "filename": "cmd/oauth/helpers.go",
        "hashed_secret": "a587be0a364eab71821821cfc5226eb04853224f",
        "is_verified": false,
        "line_number": 155,
        "is_secret": false
      }
    ],
    "cmd/sandbox/mutagen_install.go": [
      {
        "type": "Hex High Entropy String",
        "filename": "cmd/sandbox/mutagen_install.go",
        "hashed_secret": "8b5212749c89f1bd1272fc5d9818b7a2637ee9ae",
        "is_verified": false,
        "line_number": 38
      },
      {
        "type": "Hex High Entropy String",
        "filename": "cmd/sandbox/mutagen_install.go",
        "hashed_secret": "39f4cd92d9d15d0c63192ab04c4b5c2178e469c3",
        "is_verified": false,
        "line_number": 39
      },
      {
        "type": "Hex High Entropy String",
        "filename": "cmd/sandbox/mutagen_install.go",
        "hashed_secret": "b0fc6342e75a770345804efbfb3bffff28ef7d61",
        "is_verified": false,
        "line_number": 40
      },
      {
        "type": "Hex High Entropy String",
        "filename": "cmd/sandbox/mutagen_install.go",
        "hashed_secret": "6624e3f1d89dcdce89ecfc0c0e6e6b944e5b762b",
        "is_verified": false,
        "line_number": 41
      },
      {
        "type": "Hex High Entropy String",
        "filename": "cmd/sandbox/mutagen_install.go",
        "hashed_secret": "fbaf499047f17177b13cf14847656cfb463bb0ac",
        "is_verified": false,
        "line_number": 42
      },
      {
        "type": "Hex High Entropy String",
        "filename": "cmd/sandbox/mutagen_install.go",
        "hashed_secret": "067aa79cb55a0b12c15397282fe6976bade16df8",
        "is_verified": false,
        "line_number": 43
      }
    ],
    "docs/sandbox-e2e-plan.md": [
      {
        "type": "Secret Keyword",
        "filename": "docs/sandbox-e2e-plan.md",
        "hashed_secret": "0617f432213525c980d00284c580de1fe59be9d9",
        "is_verified": false,
        "line_number": 115
      }
    ],
    "internal/api/client.go": [
      {
        "type": "Secret Keyword",
        "filename": "internal/api/client.go",
        "hashed_secret": "cef935e44721eddde058014759fc1a5d0cbb7f7a",
        "is_verified": false,
        "line_number": 63
      },
      {
        "type": "Secret Keyword",
        "filename": "internal/api/client.go",
        "hashed_secret": "b19a5a3616bf8b53864ca6162b5f1f6a8c61ab94",
        "is_verified": false,
        "line_number": 155,
        "is_secret": false
      }
    ]
  },
  "generated_at": "2026-06-17T08:48:28Z"
}
